// Jest Snapshot v1, https://goo.gl/fbAQLP

exports[`snapshot snapshot 1`] = `
ShallowWrapper {
  Symbol(enzyme.__root__): [Circular],
  Symbol(enzyme.__unrendered__): <App />,
  Symbol(enzyme.__renderer__): Object {
    "batchedUpdates": [Function],
    "getNode": [Function],
    "render": [Function],
    "simulateError": [Function],
    "simulateEvent": [Function],
    "unmount": [Function],
  },
  Symbol(enzyme.__node__): Object {
    "instance": null,
    "key": undefined,
    "nodeType": "host",
    "props": Object {
      "children": <BrowserRouter>
        <React.Fragment>
          <h1>
            Zeolearn APP
          </h1>
          <header
            loading={false}
          />
          <Context.Provider
            value={
              Object {
                "changeLanguage": [Function],
                "language": "en",
              }
            }
          >
            <route />
          </Context.Provider>
        </React.Fragment>
      </BrowserRouter>,
    },
    "ref": null,
    "rendered": Object {
      "instance": null,
      "key": undefined,
      "nodeType": "class",
      "props": Object {
        "children": <React.Fragment>
          <h1>
            Zeolearn APP
          </h1>
          <header
            loading={false}
          />
          <Context.Provider
            value={
              Object {
                "changeLanguage": [Function],
                "language": "en",
              }
            }
          >
            <route />
          </Context.Provider>
        </React.Fragment>,
      },
      "ref": null,
      "rendered": Object {
        "instance": null,
        "key": undefined,
        "nodeType": "function",
        "props": Object {
          "children": Array [
            <h1>
              Zeolearn APP
            </h1>,
            <header
              loading={false}
            />,
            <Context.Provider
              value={
                Object {
                  "changeLanguage": [Function],
                  "language": "en",
                }
              }
            >
              <route />
            </Context.Provider>,
          ],
        },
        "ref": null,
        "rendered": Array [
          Object {
            "instance": null,
            "key": undefined,
            "nodeType": "host",
            "props": Object {
              "children": "Zeolearn APP",
            },
            "ref": null,
            "rendered": "Zeolearn APP",
            "type": "h1",
          },
          Object {
            "instance": null,
            "key": undefined,
            "nodeType": "function",
            "props": Object {
              "loading": false,
            },
            "ref": null,
            "rendered": null,
            "type": [Function],
          },
          Object {
            "instance": null,
            "key": undefined,
            "nodeType": "function",
            "props": Object {
              "children": <route />,
              "value": Object {
                "changeLanguage": [Function],
                "language": "en",
              },
            },
            "ref": null,
            "rendered": Object {
              "instance": null,
              "key": undefined,
              "nodeType": "class",
              "props": Object {},
              "ref": null,
              "rendered": null,
              "type": [Function],
            },
            "type": Object {
              "$$typeof": Symbol(react.provider),
              "_context": Object {
                "$$typeof": Symbol(react.context),
                "Consumer": Object {
                  "$$typeof": Symbol(react.context),
                  "_calculateChangedBits": null,
                  "_context": [Circular],
                },
                "Provider": [Circular],
                "_calculateChangedBits": null,
                "_currentRenderer": null,
                "_currentRenderer2": null,
                "_currentValue": undefined,
                "_currentValue2": undefined,
                "_threadCount": 0,
              },
            },
          },
        ],
        "type": Symbol(react.fragment),
      },
      "type": [Function],
    },
    "type": "div",
  },
  Symbol(enzyme.__nodes__): Array [
    Object {
      "instance": null,
      "key": undefined,
      "nodeType": "host",
      "props": Object {
        "children": <BrowserRouter>
          <React.Fragment>
            <h1>
              Zeolearn APP
            </h1>
            <header
              loading={false}
            />
            <Context.Provider
              value={
                Object {
                  "changeLanguage": [Function],
                  "language": "en",
                }
              }
            >
              <route />
            </Context.Provider>
          </React.Fragment>
        </BrowserRouter>,
      },
      "ref": null,
      "rendered": Object {
        "instance": null,
        "key": undefined,
        "nodeType": "class",
        "props": Object {
          "children": <React.Fragment>
            <h1>
              Zeolearn APP
            </h1>
            <header
              loading={false}
            />
            <Context.Provider
              value={
                Object {
                  "changeLanguage": [Function],
                  "language": "en",
                }
              }
            >
              <route />
            </Context.Provider>
          </React.Fragment>,
        },
        "ref": null,
        "rendered": Object {
          "instance": null,
          "key": undefined,
          "nodeType": "function",
          "props": Object {
            "children": Array [
              <h1>
                Zeolearn APP
              </h1>,
              <header
                loading={false}
              />,
              <Context.Provider
                value={
                  Object {
                    "changeLanguage": [Function],
                    "language": "en",
                  }
                }
              >
                <route />
              </Context.Provider>,
            ],
          },
          "ref": null,
          "rendered": Array [
            Object {
              "instance": null,
              "key": undefined,
              "nodeType": "host",
              "props": Object {
                "children": "Zeolearn APP",
              },
              "ref": null,
              "rendered": "Zeolearn APP",
              "type": "h1",
            },
            Object {
              "instance": null,
              "key": undefined,
              "nodeType": "function",
              "props": Object {
                "loading": false,
              },
              "ref": null,
              "rendered": null,
              "type": [Function],
            },
            Object {
              "instance": null,
              "key": undefined,
              "nodeType": "function",
              "props": Object {
                "children": <route />,
                "value": Object {
                  "changeLanguage": [Function],
                  "language": "en",
                },
              },
              "ref": null,
              "rendered": Object {
                "instance": null,
                "key": undefined,
                "nodeType": "class",
                "props": Object {},
                "ref": null,
                "rendered": null,
                "type": [Function],
              },
              "type": Object {
                "$$typeof": Symbol(react.provider),
                "_context": Object {
                  "$$typeof": Symbol(react.context),
                  "Consumer": Object {
                    "$$typeof": Symbol(react.context),
                    "_calculateChangedBits": null,
                    "_context": [Circular],
                  },
                  "Provider": [Circular],
                  "_calculateChangedBits": null,
                  "_currentRenderer": null,
                  "_currentRenderer2": null,
                  "_currentValue": undefined,
                  "_currentValue2": undefined,
                  "_threadCount": 0,
                },
              },
            },
          ],
          "type": Symbol(react.fragment),
        },
        "type": [Function],
      },
      "type": "div",
    },
  ],
  Symbol(enzyme.__options__): Object {
    "adapter": ReactSixteenAdapter {
      "options": Object {
        "enableComponentDidUpdateOnSetState": true,
        "lifecycles": Object {
          "componentDidUpdate": Object {
            "onSetState": true,
          },
          "getDerivedStateFromProps": true,
          "getSnapshotBeforeUpdate": true,
          "setState": Object {
            "skipsComponentDidUpdateOnNullish": true,
          },
        },
      },
    },
  },
}
`;
